Size from args: 479114
Long: 8
Int: 4
Listening for connections...
Accepting a connection.
Bytes: 65509
Bytes: 65482
Bytes: 348123
Bytes: 0
Connection likely closed.
Bytes received: 479114
